
> --name@0.1.0 tauri
> tauri dev

node.exe :      Running 
BeforeDevCommand (`npm run 
dev`)
At line:1 char:1
+ & "C:\Program 
Files\nodejs/node.exe" "C:\
Users\Rage.Bot\AppData\Roam
i ...
+ ~~~~~~~~~~~~~~~~~~~~~~~~~
~~~~~~~~~~~~~~~~~~~~~~~~~~~
~~~~~~~~~~~~~~~~~
    + CategoryInfo         
     : NotSpecified: (     
    Running Be...(`npm r   
 un dev`):String) [], R    
emoteException
    + FullyQualifiedErrorI 
   d : NativeCommandError
 
     Running DevCommand 
(`cargo  run 
--no-default-features 
--color always --`)
        Info Watching C:\Us
ers\Rage.Bot\Desktop\Speech
2Txt\src-tauri for 
changes...

> --name@0.1.0 dev
> vite

[1m[93mwarning[0m[1m[9
7m: variable 
`total_samples_captured` 
is assigned to, but never 
used[0m
  [1m[96m--> 
[0msrc\audio\mod.rs:83:17
   [1m[96m|[0m
[1m[96m83[0m 
[1m[96m|[0m             
let mut 
total_samples_captured: 
u64 = 0;
   [1m[96m|[0m          
       [1m[93m^^^^^^^^^^^
^^^^^^^^^^^^^^^[0m
   [1m[96m|[0m
   [1m[96m= 
[0m[1m[97mnote[0m: 
consider using 
`_total_samples_captured` 
instead
   [1m[96m= 
[0m[1m[97mnote[0m: `#[w
arn(unused_variables)]` 
(part of 
`#[warn(unused)]`) on by 
default

[1m[93mwarning[0m[1m[9
7m: value assigned to 
`total_samples_captured` 
is never read[0m
   [1m[96m--> 
[0msrc\audio\mod.rs:168:25
    [1m[96m|[0m
[1m[96m168[0m 
[1m[96m|[0m             
            
total_samples_captured += 
samples.len() as u64;
    [1m[96m|[0m         
                [1m[93m^^
^^^^^^^^^^^^^^^^^^^^^^^^^^^
^^^^^^^^^^^^^^^^^[0m
    [1m[96m|[0m
    [1m[96m= 
[0m[1m[97mhelp[0m: 
maybe it is overwritten 
before being read?
    [1m[96m= 
[0m[1m[97mnote[0m: `#[w
arn(unused_assignments)]` 
(part of 
`#[warn(unused)]`) on by 
default

[1m[93mwarning[0m[1m[9
7m: field `manager` is 
never read[0m
  [1m[96m--> 
[0msrc\hotkey\mod.rs:12:5
   [1m[96m|[0m
[1m[96m11[0m 
[1m[96m|[0m pub struct 
HotkeyManager {
   [1m[96m|[0m          
  
[1m[96m-------------[0m 
[1m[96mfield in this 
struct[0m
[1m[96m12[0m 
[1m[96m|[0m     
manager: 
GlobalHotKeyManager,
   [1m[96m|[0m     
[1m[93m^^^^^^^[0m
   [1m[96m|[0m
   [1m[96m= 
[0m[1m[97mnote[0m: 
`#[warn(dead_code)]` (part 
of `#[warn(unused)]`) on 
by default

[1m[93mwarning[0m: 
`vanta-dictate` (lib) 
generated 3 warnings
[1m[92m    Finished[0m 
]8;;https://doc.rust-lang.o
rg/cargo/reference/profiles
.html#default-profiles\`de
v` profile [unoptimized + 
debuginfo]]8;;\ 
target(s) in 0.50s
[1m[92m     Running[0m `
target\debug\vanta-dictate.
exe`
[0m[34m[INFO] [0mVanta Dictate starting up...
[0m[34m[INFO] [0mTauri setup hook running
[0m[34m[INFO] [0mLoaded config: AppConfig { autostart: true, hotkey: "Ctrl+Shift+Space", language: "en-US" }

thread 'main' (10704) 
panicked at 
src\lib.rs:136:68:
Failed to init hotkey 
manager: 
AlreadyRegistered(HotKey { 
mods: Modifiers(CONTROL | 
SHIFT), key: Space, id: 
34078782 })
note: run with 
`RUST_BACKTRACE=1` 
environment variable to 
display a backtrace
[0205/143349.617:ERROR:ui\g
fx\win\window_impl.cc:124] 
Failed to unregister class 
Chrome_WidgetWin_0. Error 
= 1412
[1m[91merror[0m: 
process didn't exit 
successfully: `target\debug
\vanta-dictate.exe` (exit 
code: 101)
[31merror when starting 
dev server:
Error: Port 1420 is 
already in use
    at Server.onError$1 (fi
le:///C:/Users/Rage.Bot/Des
ktop/Speech2Txt/node_module
s/vite/dist/node/chunks/con
fig.js:14933:28)
    at Server.emit 
(node:events:518:28)
    at emitErrorNT 
(node:net:1976:8)
    at process.processTicks
AndRejections (node:interna
l/process/task_queues:90:21
)[39m
